// Jest Snapshot v1, https://goo.gl/fbAQLP

exports[`<DetailEvent /> renderizar sem quebrar 1`] = `
<RCTScrollView
  style={
    Array [
      Object {
        "display": "flex",
        "flexBasis": 0,
        "flexDirection": "column",
        "flexGrow": 1,
        "flexShrink": 1,
      },
    ]
  }
>
  <View>
    <View
      accessibilityIgnoresInvertColors={true}
      style={
        Array [
          Object {
            "flexBasis": 0,
            "flexGrow": 1,
            "flexShrink": 1,
          },
        ]
      }
    >
      <Image
        resizeMode="cover"
        risizeMethod="resize"
        source={
          Object {
            "uri": "https://st2.depositphotos.com/2890953/7594/i/950/depositphotos_75944139-stock-photo-we-love-school-writing.jpg",
          }
        }
        style={
          Array [
            Object {
              "bottom": 0,
              "left": 0,
              "position": "absolute",
              "right": 0,
              "top": 0,
            },
            Object {
              "height": undefined,
              "width": undefined,
            },
            undefined,
          ]
        }
      />
      <View
        style={
          Array [
            Object {
              "backgroundColor": "#ffffff",
              "borderTopLeftRadius": 20,
              "borderTopRightRadius": 20,
              "display": "flex",
              "flexBasis": 0,
              "flexGrow": 1,
              "flexShrink": 1,
              "marginTop": 200,
              "paddingBottom": 32,
              "paddingLeft": 32,
              "paddingRight": 32,
              "paddingTop": 32,
            },
          ]
        }
      >
        <View
          style={
            Array [
              Object {
                "flexBasis": 0,
                "flexDirection": "row",
                "flexGrow": 1,
                "flexShrink": 1,
                "height": 74,
              },
            ]
          }
        >
          <View
            style={
              Array [
                Object {
                  "backgroundColor": "rgba(115, 61, 190, 0.1)",
                  "borderRadius": 5,
                  "height": 60,
                  "justifyContent": "center",
                  "width": 60,
                },
              ]
            }
          >
            <Text
              style={
                Array [
                  Object {
                    "color": "#733dbe",
                    "fontSize": 22,
                    "textAlign": "center",
                  },
                ]
              }
            >
              25
            </Text>
            <Text
              fontSize={14}
              style={
                Array [
                  Object {
                    "color": "#733dbe",
                    "fontSize": 14,
                    "textAlign": "center",
                  },
                ]
              }
            >
              JAN
            </Text>
          </View>
          <View
            style={
              Array [
                Object {
                  "height": 74,
                  "justifyContent": "center",
                  "marginLeft": 16,
                },
              ]
            }
          >
            <Text
              style={
                Array [
                  Object {
                    "color": "#333333",
                    "fontSize": 22,
                    "fontWeight": "bold",
                  },
                ]
              }
            >
              Pedido de exame
            </Text>
            <Text
              style={
                Array [
                  Object {
                    "color": "#666666",
                    "fontSize": 16,
                  },
                ]
              }
            >
              <Text />
               12:00
            </Text>
          </View>
        </View>
        <View
          style={
            Array [
              Object {
                "flexBasis": 0,
                "flexGrow": 2,
                "flexShrink": 1,
                "marginTop": 32,
              },
            ]
          }
        >
          <Text
            style={
              Array [
                Object {
                  "color": "#666666",
                  "fontSize": 16,
                },
              ]
            }
          >
            Lorem ipsum dolor sit amet, consectur adipiscing elit. Ut aliquam magna a arcu egestas porttitor. Donec molestie porta velit, non mattis dui porttitor id. In ultrices a nunc.
          </Text>
        </View>
      </View>
    </View>
  </View>
</RCTScrollView>
`;
